<html>
<body>
<pre>
<h1>µVision Build Log</h1>
<h2>Tool Versions:</h2>
IDE-Version: ¶ÃVision V5.25.2.0
Copyright (C) 2018 ARM Ltd and ARM Germany GmbH. All rights reserved.
License Information: sea sea, sea, LIC=EPPFW-QTNG0-EZUWX-HWI9I-MV3YJ-BY16T
 
Tool Versions:
Toolchain:       MDK-ARM Professional  Version: 5.25.2.0
Toolchain Path:  C:\Keil_v5\ARM\ARMCC\Bin
C Compiler:      Armcc.exe V5.06 update 6 (build 750)
Assembler:       Armasm.exe V5.06 update 6 (build 750)
Linker/Locator:  ArmLink.exe V5.06 update 6 (build 750)
Library Manager: ArmAr.exe V5.06 update 6 (build 750)
Hex Converter:   FromElf.exe V5.06 update 6 (build 750)
CPU DLL:         SARMCM3.DLL V5.25.2.0
Dialog DLL:      DCM.DLL V1.17.1.0
Target DLL:      Segger\JL2CM3.dll V2.99.29.0
Dialog DLL:      TCM.DLL V1.35.1.0
 
<h2>Project:</h2>
F:\STM32F407_FreeRTOS_LED\Project\RVMDK£®uv5£©\STM32F407_FreeRTOS.uvprojx
Project File Date:  06/05/2019

<h2>Output:</h2>
*** Using Compiler 'V5.06 update 6 (build 750)', folder: 'C:\Keil_v5\ARM\ARMCC\Bin'
Build target 'StdLib_LED'
compiling main.c...
..\..\User\main.c(51): warning:  #191-D: type qualifier is meaningless on cast type
                  (void *const)NULL,                 //‰º†ÈÄíÁªô‰ªªÂä°ÂáΩÊï∞ÁöÑÂèÇÊï?
..\..\User\main.c(66): warning:  #1-D: last line of file ends without a newline
  }
..\..\User\main.c(7): warning:  #177-D: variable "TaskCreate_handle"  was declared but never referenced
  static TaskHandle_t TaskCreate_handle;
..\..\User\main.c: 3 warnings, 0 errors
linking...
Program Size: Code=4690 RO-data=438 RW-data=72 ZI-data=2624  
FromELF: creating hex file...
".\Objects\STM32F407_FreeRTOS_LED.axf" - 0 Error(s), 3 Warning(s).

<h2>Software Packages used:</h2>

Package Vendor: Keil
                http://www.keil.com/pack/Keil.STM32F4xx_DFP.2.13.0.pack
                Keil.STM32F4xx_DFP.2.13.0
                STMicroelectronics STM32F4 Series Device Support, Drivers and Examples

<h2>Collection of Component include folders:</h2>
  .\RTE\_StdLib_LED
  C:\Keil_v5\ARM\PACK\Keil\STM32F4xx_DFP\2.13.0\Drivers\CMSIS\Device\ST\STM32F4xx\Include

<h2>Collection of Component Files used:</h2>
Build Time Elapsed:  00:00:03
</pre>
</body>
</html>
